---
source: src/tests/vet.rs
expression: json
---
{
  "conclusion": "fail (vetting)",
  "failures": [
    {
      "name": "third-core",
      "version": "5.0.0",
      "missing_criteria": [
        "reviewed"
      ]
    },
    {
      "name": "third-core",
      "version": "10.0.0",
      "missing_criteria": [
        "reviewed"
      ]
    },
    {
      "name": "thirdA",
      "version": "10.0.0",
      "missing_criteria": [
        "reviewed"
      ]
    },
    {
      "name": "thirdAB",
      "version": "10.0.0",
      "missing_criteria": [
        "reviewed"
      ]
    }
  ],
  "suggest": {
    "suggestions": [
      {
        "name": "third-core",
        "notable_parents": "firstA",
        "suggested_criteria": [
          "reviewed"
        ],
        "suggested_diff": {
          "from": null,
          "to": "5.0.0",
          "diffstat": {
            "insertions": 25,
            "deletions": 0,
            "files_changed": 1
          }
        }
      },
      {
        "name": "third-core",
        "notable_parents": "firstB, thirdA, and thirdAB",
        "suggested_criteria": [
          "reviewed"
        ],
        "suggested_diff": {
          "from": null,
          "to": "10.0.0",
          "diffstat": {
            "insertions": 100,
            "deletions": 0,
            "files_changed": 1
          }
        }
      },
      {
        "name": "thirdA",
        "notable_parents": "firstA",
        "suggested_criteria": [
          "reviewed"
        ],
        "suggested_diff": {
          "from": null,
          "to": "10.0.0",
          "diffstat": {
            "insertions": 100,
            "deletions": 0,
            "files_changed": 1
          }
        }
      },
      {
        "name": "thirdAB",
        "notable_parents": "firstAB",
        "suggested_criteria": [
          "reviewed"
        ],
        "suggested_diff": {
          "from": null,
          "to": "10.0.0",
          "diffstat": {
            "insertions": 100,
            "deletions": 0,
            "files_changed": 1
          }
        }
      }
    ],
    "suggest_by_criteria": {
      "reviewed": [
        {
          "name": "third-core",
          "notable_parents": "firstA",
          "suggested_criteria": [
            "reviewed"
          ],
          "suggested_diff": {
            "from": null,
            "to": "5.0.0",
            "diffstat": {
              "insertions": 25,
              "deletions": 0,
              "files_changed": 1
            }
          }
        },
        {
          "name": "third-core",
          "notable_parents": "firstB, thirdA, and thirdAB",
          "suggested_criteria": [
            "reviewed"
          ],
          "suggested_diff": {
            "from": null,
            "to": "10.0.0",
            "diffstat": {
              "insertions": 100,
              "deletions": 0,
              "files_changed": 1
            }
          }
        },
        {
          "name": "thirdA",
          "notable_parents": "firstA",
          "suggested_criteria": [
            "reviewed"
          ],
          "suggested_diff": {
            "from": null,
            "to": "10.0.0",
            "diffstat": {
              "insertions": 100,
              "deletions": 0,
              "files_changed": 1
            }
          }
        },
        {
          "name": "thirdAB",
          "notable_parents": "firstAB",
          "suggested_criteria": [
            "reviewed"
          ],
          "suggested_diff": {
            "from": null,
            "to": "10.0.0",
            "diffstat": {
              "insertions": 100,
              "deletions": 0,
              "files_changed": 1
            }
          }
        }
      ]
    },
    "total_lines": 325
  }
}
